// Jest Snapshot v1, https://goo.gl/fbAQLP

exports[`renders component and maches snap 1`] = `
<button
  disabled={false}
  onClick={[Function]}
>
  Add
   to cart
</button>
`;
