// Jest Snapshot v1, https://goo.gl/fbAQLP

exports[`renders component and maches snap 1`] = `null`;
