// Jest Snapshot v1, https://goo.gl/fbAQLP

exports[`renders component and maches snap 1`] = `
<header>
  <CloseButton
    onClick={[Function]}
    title="close"
  >
    <button
      className="CloseButton-e02u0t-0 gwSVMv"
      onClick={[Function]}
      title="close"
    >
      Ã—
    </button>
  </CloseButton>
  test
   - Cart
  <p>
    You have 
    1
     item 
     
    in your cart
  </p>
</header>
`;
