// Jest Snapshot v1, https://goo.gl/fbAQLP

exports[`renders corrent amount of items in cart 1`] = `
<div
  className="Nav__Dot-zxvut8-0 fEapAn count"
>
  9
</div>
`;
