// Jest Snapshot v1, https://goo.gl/fbAQLP

exports[`renders component 1`] = `
<form
  className="Form-sc-1c1u0cd-0 ddxHFt"
  data-test="form"
  method="post"
  onSubmit={[Function]}
>
  <fieldset
    aria-busy={false}
    disabled={false}
  >
    <h2>
      Request reset token to change your email
    </h2>
    <DisplayError
      error={Object {}}
    >
      <p />
    </DisplayError>
    <label
      htmlFor="email"
    >
      Email
      <input
        id="email"
        name="email"
        onChange={[Function]}
        placeholder="Email"
        required={true}
        type="email"
        value=""
      />
    </label>
    <button
      type="submit"
    >
      Submit
    </button>
  </fieldset>
</form>
`;
