// Jest Snapshot v1, https://goo.gl/fbAQLP

exports[`renders and maches snapshot 1`] = `
<Form
  method="post"
  onSubmit={[Function]}
>
  <form
    className="Form-sc-1c1u0cd-0 ddxHFt"
    method="post"
    onSubmit={[Function]}
  >
    <fieldset
      aria-busy={false}
      disabled={false}
    >
      <h2>
        Sign up
      </h2>
      <p />
      <DisplayError
        error={Object {}}
      >
        <p />
      </DisplayError>
      <label
        htmlFor="email"
      >
        Email
        <input
          id="email"
          name="email"
          onChange={[Function]}
          placeholder="Email"
          required={true}
          type="email"
          value=""
        />
      </label>
      <label
        htmlFor="name"
      >
        Name
        <input
          id="name"
          name="name"
          onChange={[Function]}
          placeholder="Name"
          required={true}
          type="text"
          value=""
        />
      </label>
      <label
        htmlFor="password"
      >
        Password
        <input
          id="password"
          name="password"
          onChange={[Function]}
          placeholder="Password"
          required={true}
          type="password"
          value=""
        />
      </label>
      <button
        type="submit"
      >
        Submit
      </button>
      <p>
        <Link
          href="/signin"
        >
          <a
            href="/signin"
            onClick={[Function]}
            onMouseEnter={[Function]}
          >
            Already have an account? SIGN IN
          </a>
        </Link>
      </p>
    </fieldset>
  </form>
</Form>
`;
